[debug] [2023-01-07T19:16:58.576Z] ----------------------------------------------------------------------
[debug] [2023-01-07T19:16:58.577Z] Command:       /Users/annamalai/.nvm/versions/node/v16.14.2/bin/node /opt/homebrew/bin/firebase deploy --only hosting:production
[debug] [2023-01-07T19:16:58.578Z] CLI Version:   10.2.1
[debug] [2023-01-07T19:16:58.578Z] Platform:      darwin
[debug] [2023-01-07T19:16:58.578Z] Node Version:  v16.14.2
[debug] [2023-01-07T19:16:58.580Z] Time:          Sun Jan 08 2023 00:46:58 GMT+0530 (India Standard Time)
[debug] [2023-01-07T19:16:58.581Z] ----------------------------------------------------------------------
[debug] 
[debug] [2023-01-07T19:16:58.583Z] >>> [apiv2][query] GET https://firebase-public.firebaseio.com/cli.json [none]
[debug] [2023-01-07T19:16:58.639Z] > command requires scopes: ["email","openid","https://www.googleapis.com/auth/cloudplatformprojects.readonly","https://www.googleapis.com/auth/firebase","https://www.googleapis.com/auth/cloud-platform"]
[debug] [2023-01-07T19:16:58.639Z] > authorizing via signed-in user (annamalai.selvam@magilhub.com)
[debug] [2023-01-07T19:16:58.639Z] [iam] checking project merchant-portal-f1a52 for permissions ["firebase.projects.get","firebasehosting.sites.update"]
[debug] [2023-01-07T19:16:58.640Z] > refreshing access token with scopes: []
[debug] [2023-01-07T19:16:58.640Z] >>> HTTP REQUEST POST https://www.googleapis.com/oauth2/v3/token  
 <request body omitted>
[debug] [2023-01-07T19:16:59.198Z] <<< HTTP RESPONSE 200 {"expires":"Mon, 01 Jan 1990 00:00:00 GMT","cache-control":"no-cache, no-store, max-age=0, must-revalidate","pragma":"no-cache","date":"Sat, 07 Jan 2023 19:16:59 GMT","content-type":"application/json; charset=utf-8","vary":"X-Origin, Referer, Origin,Accept-Encoding","server":"scaffolding on HTTPServer2","x-xss-protection":"0","x-frame-options":"SAMEORIGIN","x-content-type-options":"nosniff","alt-svc":"h3=\":443\"; ma=2592000,h3-29=\":443\"; ma=2592000,h3-Q050=\":443\"; ma=2592000,h3-Q046=\":443\"; ma=2592000,h3-Q043=\":443\"; ma=2592000,quic=\":443\"; ma=2592000; v=\"46,43\"","accept-ranges":"none","transfer-encoding":"chunked"}
[debug] [2023-01-07T19:16:59.255Z] >>> [apiv2][query] POST https://cloudresourcemanager.googleapis.com/v1/projects/merchant-portal-f1a52:testIamPermissions [none]
[debug] [2023-01-07T19:16:59.255Z] >>> [apiv2][body] POST https://cloudresourcemanager.googleapis.com/v1/projects/merchant-portal-f1a52:testIamPermissions {"permissions":["firebase.projects.get","firebasehosting.sites.update"]}
[debug] [2023-01-07T19:16:59.562Z] <<< [apiv2][status] GET https://firebase-public.firebaseio.com/cli.json 200
[debug] [2023-01-07T19:16:59.563Z] <<< [apiv2][body] GET https://firebase-public.firebaseio.com/cli.json {"cloudBuildErrorAfter":1594252800000,"cloudBuildWarnAfter":1590019200000,"defaultNode10After":1594252800000,"minVersion":"3.0.5","node8DeploysDisabledAfter":1613390400000,"node8RuntimeDisabledAfter":1615809600000,"node8WarnAfter":1600128000000}
[debug] [2023-01-07T19:17:00.825Z] <<< [apiv2][status] POST https://cloudresourcemanager.googleapis.com/v1/projects/merchant-portal-f1a52:testIamPermissions 200
[debug] [2023-01-07T19:17:00.826Z] <<< [apiv2][body] POST https://cloudresourcemanager.googleapis.com/v1/projects/merchant-portal-f1a52:testIamPermissions {"permissions":["firebase.projects.get","firebasehosting.sites.update"]}
[debug] [2023-01-07T19:17:00.828Z] >>> [apiv2][query] GET https://firebase.googleapis.com/v1beta1/projects/merchant-portal-f1a52 [none]
[debug] [2023-01-07T19:17:01.640Z] <<< [apiv2][status] GET https://firebase.googleapis.com/v1beta1/projects/merchant-portal-f1a52 200
[debug] [2023-01-07T19:17:01.640Z] <<< [apiv2][body] GET https://firebase.googleapis.com/v1beta1/projects/merchant-portal-f1a52 {"projectId":"merchant-portal-f1a52","projectNumber":"897265903720","displayName":"Merchant Portal","name":"projects/merchant-portal-f1a52","resources":{"hostingSite":"merchant-portal-f1a52","realtimeDatabaseInstance":"merchant-portal-f1a52"},"state":"ACTIVE","etag":"1_422d3f2f-96e6-4afb-9bd1-e578700fb12f"}
[info] 
[info] === Deploying to 'merchant-portal-f1a52'...
[info] 
[info] i  deploying hosting 
[debug] [2023-01-07T19:17:01.645Z] >>> [apiv2][query] GET https://firebase.googleapis.com/v1beta1/projects/merchant-portal-f1a52 [none]
[debug] [2023-01-07T19:17:02.254Z] <<< [apiv2][status] GET https://firebase.googleapis.com/v1beta1/projects/merchant-portal-f1a52 200
[debug] [2023-01-07T19:17:02.254Z] <<< [apiv2][body] GET https://firebase.googleapis.com/v1beta1/projects/merchant-portal-f1a52 {"projectId":"merchant-portal-f1a52","projectNumber":"897265903720","displayName":"Merchant Portal","name":"projects/merchant-portal-f1a52","resources":{"hostingSite":"merchant-portal-f1a52","realtimeDatabaseInstance":"merchant-portal-f1a52"},"state":"ACTIVE","etag":"1_422d3f2f-96e6-4afb-9bd1-e578700fb12f"}
[debug] [2023-01-07T19:17:02.259Z] >>> [apiv2][query] POST https://firebasehosting.googleapis.com/v1beta1/projects/897265903720/sites/merchant-portal-f1a52/versions [none]
[debug] [2023-01-07T19:17:02.259Z] >>> [apiv2][body] POST https://firebasehosting.googleapis.com/v1beta1/projects/897265903720/sites/merchant-portal-f1a52/versions {"config":{"rewrites":[{"glob":"**","path":"/index.html"}]},"labels":{"deployment-tool":"cli-firebase"}}
[debug] [2023-01-07T19:17:04.403Z] <<< [apiv2][status] POST https://firebasehosting.googleapis.com/v1beta1/projects/897265903720/sites/merchant-portal-f1a52/versions 200
[debug] [2023-01-07T19:17:04.403Z] <<< [apiv2][body] POST https://firebasehosting.googleapis.com/v1beta1/projects/897265903720/sites/merchant-portal-f1a52/versions {"name":"projects/897265903720/sites/merchant-portal-f1a52/versions/a7c1d4cd01dfeddb","status":"CREATED","config":{"rewrites":[{"glob":"**","path":"/index.html"}]},"labels":{"deployment-tool":"cli-firebase"}}
[info] i  hosting[merchant-portal-f1a52]: beginning deploy... 
[info] i  hosting[merchant-portal-f1a52]: found 74 files in build 
[debug] [2023-01-07T19:17:05.008Z] [hosting] hash cache [YnVpbGQ] stored for 74 files
[debug] [2023-01-07T19:17:05.008Z] [hosting][hash queue][FINAL] {"max":572,"min":9,"avg":28.60810810810811,"active":0,"complete":74,"success":74,"errored":0,"retried":0,"total":74,"elapsed":577}
[debug] [2023-01-07T19:17:05.008Z] >>> [apiv2][query] POST https://firebasehosting.googleapis.com/v1beta1/projects/897265903720/sites/merchant-portal-f1a52/versions/a7c1d4cd01dfeddb:populateFiles [none]
[debug] [2023-01-07T19:17:05.008Z] >>> [apiv2][body] POST https://firebasehosting.googleapis.com/v1beta1/projects/897265903720/sites/merchant-portal-f1a52/versions/a7c1d4cd01dfeddb:populateFiles {"files":{"/favicon.ico":"e4e3e0f8c9d707fd3abdecdb94d28b91652307dd4261d5c9fb885e336e66fa6c","/index.html":"e5a76058afbde0ac15bc429805811afd8c2ba0fbfcc42390c423ad4c038480d2","/logo512.png":"45573f7a2d6fa5fc6e2361b03e95a6ef8be1f336d2020ed7e59e00355db6afe7","/manifest.json":"341d52628782f8ac9290bbfc43298afccb47b7cbfcee146ae30cf0f46bc30900","/robots.txt":"391d14b3c2f8c9143a27a28c7399585142228d4d1bdbe2c87ac946de411fa9a2","/asset-manifest.json":"b6577adafff13d533a962e308ea971b3f7bec68f34ca45867c5101033c722cd4","/logo192.png":"ccf09d371880651542122983583fd6ba1a9ef30bcea3130fbcd18e7ef4770a5c","/service-worker.js":"403ec6b488bc10e3da670c64cf83c21a1ac7b3262979d341cb3f314f0ccc41b8","/precache-manifest.8f0048d69a3849c9b773cd9e1df763ae.js":"a30e4e54272955e95dd8cddd74c11c8dc8774a244381b45f01ddabfdd74165e8","/static/css/2.a68fc7ec.chunk.css":"2603c7db867d8d620fd102cc847bc10e8af586805665c4eb842a481dd1be9427","/static/js/2.7e74de69.chunk.js.LICENSE.txt":"b26bb97505962cf3de60137c1d25beb10abc591e4f0e5525ac06223d8f66bff5","/static/css/2.a68fc7ec.chunk.css.map":"d53e07e51407d4582b890c32a24d090fdb639cc7e1527ee81f6904d1d6f32cd5","/static/css/main.9d2ba9b8.chunk.css":"908fad9a36443cd422d54bee901842b3dc6ccfc8d05f9ea2017ab9bac0e0cf13","/static/js/main.6d5bf885.chunk.js.LICENSE.txt":"5bcf7ad56e14554ea655f13f3a79ddf6fb23a153bf6028e5bfea9a7a6cd9154d","/static/js/runtime-main.5cfd85c0.js":"ddaac0f5da73248cfe7b88a3131245fa21d6ecbb724d508832065d5b8a81e2d6","/static/media/404.3a865357.svg":"19908d43f64df1e7d2f62759a18c78f5d6fddf27bcf6d865f16ec4a9512a7868","/static/media/Disable.460f0581.svg":"5a21a301988259cac49edf0292572d96190f1518a6c766f7d997efd33b8e1a7a","/static/media/backArrow.f0adc7df.svg":"dc5edcdccc0727b86facae4e9abade9f0df8fb9591535db6e53e3697acd0b82a","/static/media/Duplicate.ba7fabdb.svg":"38d08e8ab26c4b3d74fd03d61b563368153af59e4b8344f23875be95183ff0e6","/static/js/runtime-main.5cfd85c0.js.map":"867feea7ba6ad9307c9bfb4014908677adb81c7d24c8edc21486248478eac0f8","/static/media/addImage.0a855e78.svg":"db4f9b01b2e8ea104ddeaa2207dee51438543c6e19f0642dfd580603cc22bbdc","/static/media/add.5f77b17e.svg":"e6e57ddd2388817df0e104dfc500c2249fa9125eda5c7a5b4a89c1b6a9f757be","/static/media/billing.153cb221.svg":"c40fcb4ddec549e5ac6706dbe113a8535da357ad3bb1394e6d96682591259255","/static/media/billingHeader.4cf8c90a.svg":"1c14ed307fdf3492ac0dfaee6561ec4fb82b2a23243baf79fecaa92b0e9f8ddc","/static/media/block.39d6343f.svg":"ca097e1d6fbc5a3da0230ded9fac248550b32011ff0aa29436807593dd605e9a","/static/media/closed_eye.e07fd695.svg":"ed9911b94e079b90b9c24b0c2873b90bb589515fd86beed70976e25e8e69921a","/static/media/binIcon.c918a94a.svg":"71e2956836054e4dc3b0d6818c4aa02adaea0d598b8a4e3c77c959aec22811a7","/static/media/cross.c71e85ca.svg":"0ae9c6e3368b2fce8601b4f03a6fc5799024d1c158aa2e40cd3ef194f3a40785","/static/media/deleteIcon.67b8dde6.svg":"b52d5b5bc83005690619980c094f051141241c170f67817c18e8f2a1753d3691","/static/media/down_arrow.054649c5.svg":"5638d24d8f8e98f410b4f9165e9abf2873925c75d4d729413c5208038c773048","/static/media/dollar.52eaee55.svg":"f5a74b331b31ff058892b38b328367031292d4de968518e016f6ad044ef958f3","/static/media/cal.4eb67268.png":"bcfff126edb959b332fa432f3af7e2986d49987beb0657280b543f634b680af9","/static/media/editIcon.a75477fa.svg":"b54c1882fbf89c5b125d04e56e6349ad6f02720fec72b010edc70faa68d98906","/static/media/crossIcon.f67e4b70.svg":"b579a252abe619c56463f6272ea15494150c05951a6d5e355c2b375a2de00851","/static/media/enable.f061ec6b.svg":"d57f3a9764e4841d87ef752ad0eea1de47e5273d7a08114b7e0fa1b2cfce4358","/static/media/employees.4674c305.svg":"e48e0898ebf0f49f605cc03530ad3c64e9274efc2fe581cfc7d753bd51175bd9","/static/media/export.f4ec3dfd.svg":"6b2cde4b66ebc2ebb34b40dc8a9d10a2889565468e80ccdf0464926223148a72","/static/media/filter.0455bcd4.svg":"f5949693e60164238e7f70fb957d4443f1afee9204315c8903fa330804982577","/static/media/inr.a9fdb926.svg":"affffd240fac6a094914d56b08c4f0eae35782b394d448f7649a44920d2f7885","/static/media/inrBlack.50ade9ae.svg":"e1b4a967a303e66fb4f41d359a1d0d8480b3519c688c341a69399262dfdf0a18","/static/media/food.c42d0d5c.png":"dcf1b19a9c33cedbdd4c9cf9a7782ec8ea6ea335e253c80ccd7041c325b24049","/static/media/key.1493379c.svg":"d41fc9e69fbc20f988d0777636391c8e6218a568f6be2a1d384d3f63fa0ba9f7","/static/media/gift.e5fefdc4.png":"9600afe6c575225246205546d1bd839477f95c0509cb6d42d3a45659736282b2","/static/css/main.9d2ba9b8.chunk.css.map":"6013e6d9ab726e59bec3b8348a2aa955e318f041ba002d6e8df32e238e104d00","/static/media/loader.bcc464b6.svg":"c71070e12bf66a4f33cf9ffad133307ff855f218e39c6c9c7faba3f0e4599190","/static/media/loaderWhite.0b21961f.svg":"8961b6467b8f4d3e8d5354775cbba2138e4daf8ef79b0721f8a0bcfa716b08c2","/static/media/logo.e7428f85.png":"98a5bb4c6f940cd9ca52cb29323bc98b6433796da51809df27dced3dc24ef96d","/static/media/magilhubText.c3ca56f2.svg":"c44a7192b0d8a4fc3689747bc1fb38d81f184234579c7640a0ac276fe1094307","/static/media/masterCardIcon.fd920e38.svg":"8ea14bd1d779780b7da7011bd1af9f8a5c1e92d9662b6eee9c28b24382bcfa42","/static/media/offer.eab3aef5.svg":"49831841854a6abb626319d1f1f3c88bb236c16c8e390174c5cd4bac2faa1acb","/static/media/notFound.e73524ca.svg":"da10b419f01b12549fdcfc5e895ae097fd9ce0149a3cf859a8c2554c08a548f8","/static/media/payment.3f84f21d.svg":"30834dc0e70040b3c8b88294398c1d04d974f8ac521e319b6fd70202edc1315d","/static/media/opened_eye.21da7856.svg":"42100292773adf5ec5291800a504fccc584e4e03d903748ad85f7025f965812b","/static/media/pencilIcon.ec9c874d.svg":"770a237f6dc21aec7d7e62def7dd323c97d45f7c57fcb796e8a976d7b343ac37","/static/media/plus.933f8e60.svg":"a13e557772648168937a7af612336eab8acc58ef28a8e70559dfc02bb393060b","/static/media/search.51f576db.svg":"ce06ca57635bdf500222541510c27e68aeed2cf00247e4c5150aae9393bb2a3e","/static/media/sort.3c0ebbb0.svg":"13c469cdc4a51919d906142bd7ee04f34dfe8038dd5a9024888c8c97d0d1a254","/static/media/emp.d1a7a473.png":"c629e76cc1c84ebdf4d371a53c9b77d7bd4e0d6dab5ea01e2356d0762eefd64e","/static/media/statistics.771762f7.svg":"38b0f109ca708dcd9a56007afc7ef289c5cd99f967ae50394dfe34e14f48960d","/static/media/tableware.d9d3caaa.svg":"18b1dc101899510b7d39e472acb5b593c285e89c605c49a9aa5f4a891fa61757","/static/media/tickIcon.f902c193.svg":"6f5091efaf66f0459b4a98da983f661534c5e59fee0c47852b1f1b6a889bbcef","/static/media/tickMark.91addbf4.svg":"024c35d81c88cff2d89971671db4b2db3a706667945a3d48c1ec3af305377a23","/static/media/upload.243e18d5.svg":"4180a86b52d5eaff46c9665d0bc20a06de403b13f3952930983ccf32d00c4eac","/static/media/up_arrow.95343da3.svg":"990f95b98436e543e46915f08369f147481fda729c3a3b633054b497ce424341","/static/media/unblock.bf0d202d.svg":"a1b793eb32a54995b578d10b109db077f2153f8f20049eb217ec16c1fee42140","/static/media/userBlocked.9d166ad0.svg":"095d1eee726eccfac6594a1eaf1a4df3f67c64d3e56652b3bfea11cf2168b5fa","/static/media/visaIcon.f0a71809.svg":"2f100eb2a02d0584f506d6f41aad3d8497ff6ed7cb45ba069006c6d038526209","/static/media/tick.954d7a62.png":"5601a8d1a1ee98331ff36db47653f705b67433da76082c5c2431d44058b9f27d","/static/media/user_one.938e8351.png":"1ec84c1f166b2416c5c729af5f0522358eac1dd4e87713c65a6c1880a0ecc5f3","/static/media/emptymenu.3a02d8e8.svg":"4356dc6c71315bd1379f96877d1182260eff4c27165cd0c8b05133f141fd5313","/static/js/main.6d5bf885.chunk.js":"8af5b1a4c3a7a265f3e4b6f2133c97d1e151fbcb2e94cd616ea8db72c88d3cc8","/static/js/2.7e74de69.chunk.js":"1b4c52187ceafcddcc81dae830a1f52ad1bff2df666ce5883209233eef9f413c","/static/js/main.6d5bf885.chunk.js.map":"770cf75814a92b148f8b8a610bff1f3507060c46a24116f46d98b3f26f71903b","/static/js/2.7e74de69.chunk.js.map":"d94eb0dd083f550e1235f3d0d987747f57d6cd08f36e02331c7446a9f08a9201"}}
[debug] [2023-01-07T19:17:06.653Z] <<< [apiv2][status] POST https://firebasehosting.googleapis.com/v1beta1/projects/897265903720/sites/merchant-portal-f1a52/versions/a7c1d4cd01dfeddb:populateFiles 200
[debug] [2023-01-07T19:17:06.653Z] <<< [apiv2][body] POST https://firebasehosting.googleapis.com/v1beta1/projects/897265903720/sites/merchant-portal-f1a52/versions/a7c1d4cd01dfeddb:populateFiles {"uploadRequiredHashes":["b6577adafff13d533a962e308ea971b3f7bec68f34ca45867c5101033c722cd4","403ec6b488bc10e3da670c64cf83c21a1ac7b3262979d341cb3f314f0ccc41b8","e5a76058afbde0ac15bc429805811afd8c2ba0fbfcc42390c423ad4c038480d2","a30e4e54272955e95dd8cddd74c11c8dc8774a244381b45f01ddabfdd74165e8","8af5b1a4c3a7a265f3e4b6f2133c97d1e151fbcb2e94cd616ea8db72c88d3cc8","770cf75814a92b148f8b8a610bff1f3507060c46a24116f46d98b3f26f71903b"],"uploadUrl":"https://upload-firebasehosting.googleapis.com/upload/sites/merchant-portal-f1a52/versions/a7c1d4cd01dfeddb/files"}
[debug] [2023-01-07T19:17:06.654Z] >>> [apiv2][query] POST https://upload-firebasehosting.googleapis.com/upload/sites/merchant-portal-f1a52/versions/a7c1d4cd01dfeddb/files/b6577adafff13d533a962e308ea971b3f7bec68f34ca45867c5101033c722cd4 [none]
[debug] [2023-01-07T19:17:06.654Z] >>> [apiv2][body] POST https://upload-firebasehosting.googleapis.com/upload/sites/merchant-portal-f1a52/versions/a7c1d4cd01dfeddb/files/b6577adafff13d533a962e308ea971b3f7bec68f34ca45867c5101033c722cd4 [stream]
[debug] [2023-01-07T19:17:06.655Z] >>> [apiv2][query] POST https://upload-firebasehosting.googleapis.com/upload/sites/merchant-portal-f1a52/versions/a7c1d4cd01dfeddb/files/403ec6b488bc10e3da670c64cf83c21a1ac7b3262979d341cb3f314f0ccc41b8 [none]
[debug] [2023-01-07T19:17:06.655Z] >>> [apiv2][body] POST https://upload-firebasehosting.googleapis.com/upload/sites/merchant-portal-f1a52/versions/a7c1d4cd01dfeddb/files/403ec6b488bc10e3da670c64cf83c21a1ac7b3262979d341cb3f314f0ccc41b8 [stream]
[debug] [2023-01-07T19:17:06.655Z] >>> [apiv2][query] POST https://upload-firebasehosting.googleapis.com/upload/sites/merchant-portal-f1a52/versions/a7c1d4cd01dfeddb/files/e5a76058afbde0ac15bc429805811afd8c2ba0fbfcc42390c423ad4c038480d2 [none]
[debug] [2023-01-07T19:17:06.655Z] >>> [apiv2][body] POST https://upload-firebasehosting.googleapis.com/upload/sites/merchant-portal-f1a52/versions/a7c1d4cd01dfeddb/files/e5a76058afbde0ac15bc429805811afd8c2ba0fbfcc42390c423ad4c038480d2 [stream]
[debug] [2023-01-07T19:17:06.656Z] >>> [apiv2][query] POST https://upload-firebasehosting.googleapis.com/upload/sites/merchant-portal-f1a52/versions/a7c1d4cd01dfeddb/files/a30e4e54272955e95dd8cddd74c11c8dc8774a244381b45f01ddabfdd74165e8 [none]
[debug] [2023-01-07T19:17:06.656Z] >>> [apiv2][body] POST https://upload-firebasehosting.googleapis.com/upload/sites/merchant-portal-f1a52/versions/a7c1d4cd01dfeddb/files/a30e4e54272955e95dd8cddd74c11c8dc8774a244381b45f01ddabfdd74165e8 [stream]
[debug] [2023-01-07T19:17:06.657Z] >>> [apiv2][query] POST https://upload-firebasehosting.googleapis.com/upload/sites/merchant-portal-f1a52/versions/a7c1d4cd01dfeddb/files/8af5b1a4c3a7a265f3e4b6f2133c97d1e151fbcb2e94cd616ea8db72c88d3cc8 [none]
[debug] [2023-01-07T19:17:06.657Z] >>> [apiv2][body] POST https://upload-firebasehosting.googleapis.com/upload/sites/merchant-portal-f1a52/versions/a7c1d4cd01dfeddb/files/8af5b1a4c3a7a265f3e4b6f2133c97d1e151fbcb2e94cd616ea8db72c88d3cc8 [stream]
[debug] [2023-01-07T19:17:06.657Z] >>> [apiv2][query] POST https://upload-firebasehosting.googleapis.com/upload/sites/merchant-portal-f1a52/versions/a7c1d4cd01dfeddb/files/770cf75814a92b148f8b8a610bff1f3507060c46a24116f46d98b3f26f71903b [none]
[debug] [2023-01-07T19:17:06.657Z] >>> [apiv2][body] POST https://upload-firebasehosting.googleapis.com/upload/sites/merchant-portal-f1a52/versions/a7c1d4cd01dfeddb/files/770cf75814a92b148f8b8a610bff1f3507060c46a24116f46d98b3f26f71903b [stream]
[debug] [2023-01-07T19:17:06.658Z] [hosting][populate queue][FINAL] {"max":1647,"min":1647,"avg":1647,"active":0,"complete":1,"success":1,"errored":0,"retried":0,"total":1,"elapsed":1651}
[debug] [2023-01-07T19:17:06.658Z] [hosting] uploads queued: 6
[debug] [2023-01-07T19:17:08.497Z] <<< [apiv2][status] POST https://upload-firebasehosting.googleapis.com/upload/sites/merchant-portal-f1a52/versions/a7c1d4cd01dfeddb/files/a30e4e54272955e95dd8cddd74c11c8dc8774a244381b45f01ddabfdd74165e8 200
[debug] [2023-01-07T19:17:08.498Z] <<< [apiv2][body] POST https://upload-firebasehosting.googleapis.com/upload/sites/merchant-portal-f1a52/versions/a7c1d4cd01dfeddb/files/a30e4e54272955e95dd8cddd74c11c8dc8774a244381b45f01ddabfdd74165e8 [stream]
[debug] [2023-01-07T19:17:09.110Z] <<< [apiv2][status] POST https://upload-firebasehosting.googleapis.com/upload/sites/merchant-portal-f1a52/versions/a7c1d4cd01dfeddb/files/b6577adafff13d533a962e308ea971b3f7bec68f34ca45867c5101033c722cd4 200
[debug] [2023-01-07T19:17:09.110Z] <<< [apiv2][body] POST https://upload-firebasehosting.googleapis.com/upload/sites/merchant-portal-f1a52/versions/a7c1d4cd01dfeddb/files/b6577adafff13d533a962e308ea971b3f7bec68f34ca45867c5101033c722cd4 [stream]
[debug] [2023-01-07T19:17:09.828Z] <<< [apiv2][status] POST https://upload-firebasehosting.googleapis.com/upload/sites/merchant-portal-f1a52/versions/a7c1d4cd01dfeddb/files/e5a76058afbde0ac15bc429805811afd8c2ba0fbfcc42390c423ad4c038480d2 200
[debug] [2023-01-07T19:17:09.828Z] <<< [apiv2][body] POST https://upload-firebasehosting.googleapis.com/upload/sites/merchant-portal-f1a52/versions/a7c1d4cd01dfeddb/files/e5a76058afbde0ac15bc429805811afd8c2ba0fbfcc42390c423ad4c038480d2 [stream]
[debug] [2023-01-07T19:17:09.830Z] <<< [apiv2][status] POST https://upload-firebasehosting.googleapis.com/upload/sites/merchant-portal-f1a52/versions/a7c1d4cd01dfeddb/files/403ec6b488bc10e3da670c64cf83c21a1ac7b3262979d341cb3f314f0ccc41b8 200
[debug] [2023-01-07T19:17:09.830Z] <<< [apiv2][body] POST https://upload-firebasehosting.googleapis.com/upload/sites/merchant-portal-f1a52/versions/a7c1d4cd01dfeddb/files/403ec6b488bc10e3da670c64cf83c21a1ac7b3262979d341cb3f314f0ccc41b8 [stream]
[debug] [2023-01-07T19:17:09.865Z] <<< [apiv2][status] POST https://upload-firebasehosting.googleapis.com/upload/sites/merchant-portal-f1a52/versions/a7c1d4cd01dfeddb/files/770cf75814a92b148f8b8a610bff1f3507060c46a24116f46d98b3f26f71903b 200
[debug] [2023-01-07T19:17:09.866Z] <<< [apiv2][body] POST https://upload-firebasehosting.googleapis.com/upload/sites/merchant-portal-f1a52/versions/a7c1d4cd01dfeddb/files/770cf75814a92b148f8b8a610bff1f3507060c46a24116f46d98b3f26f71903b [stream]
[debug] [2023-01-07T19:17:09.890Z] <<< [apiv2][status] POST https://upload-firebasehosting.googleapis.com/upload/sites/merchant-portal-f1a52/versions/a7c1d4cd01dfeddb/files/8af5b1a4c3a7a265f3e4b6f2133c97d1e151fbcb2e94cd616ea8db72c88d3cc8 200
[debug] [2023-01-07T19:17:09.890Z] <<< [apiv2][body] POST https://upload-firebasehosting.googleapis.com/upload/sites/merchant-portal-f1a52/versions/a7c1d4cd01dfeddb/files/8af5b1a4c3a7a265f3e4b6f2133c97d1e151fbcb2e94cd616ea8db72c88d3cc8 [stream]
[debug] [2023-01-07T19:17:09.890Z] [hosting][upload queue][FINAL] {"max":3236,"min":1844,"avg":2850,"active":0,"complete":6,"success":6,"errored":0,"retried":0,"total":6,"elapsed":3237}
[info] ✔  hosting[merchant-portal-f1a52]: file upload complete 
[debug] [2023-01-07T19:17:09.892Z] [hosting] deploy completed after 5488ms
[debug] [2023-01-07T19:17:09.897Z] [
  {
    "config": {
      "target": "production",
      "public": "build",
      "ignore": [
        "firebase.json",
        "**/.*",
        "**/node_modules/**"
      ],
      "rewrites": [
        {
          "source": "**",
          "destination": "/index.html"
        }
      ],
      "site": "merchant-portal-f1a52"
    },
    "site": "merchant-portal-f1a52",
    "version": "projects/897265903720/sites/merchant-portal-f1a52/versions/a7c1d4cd01dfeddb"
  }
]
[info] i  hosting[merchant-portal-f1a52]: finalizing version... 
[debug] [2023-01-07T19:17:09.899Z] >>> [apiv2][query] PATCH https://firebasehosting.googleapis.com/v1beta1/projects/897265903720/sites/merchant-portal-f1a52/versions/a7c1d4cd01dfeddb updateMask=status
[debug] [2023-01-07T19:17:09.899Z] >>> [apiv2][body] PATCH https://firebasehosting.googleapis.com/v1beta1/projects/897265903720/sites/merchant-portal-f1a52/versions/a7c1d4cd01dfeddb {"status":"FINALIZED"}
[debug] [2023-12-20T18:51:47.379Z] ----------------------------------------------------------------------
[debug] [2023-12-20T18:51:47.381Z] Command:       /Users/annamalai/.nvm/versions/node/v16.14.2/bin/node /opt/homebrew/bin/firebase deploy --only hosting:production
[debug] [2023-12-20T18:51:47.381Z] CLI Version:   10.2.1
[debug] [2023-12-20T18:51:47.381Z] Platform:      darwin
[debug] [2023-12-20T18:51:47.381Z] Node Version:  v16.14.2
[debug] [2023-12-20T18:51:47.385Z] Time:          Thu Dec 21 2023 00:21:47 GMT+0530 (India Standard Time)
[debug] [2023-12-20T18:51:47.385Z] ----------------------------------------------------------------------
[debug] 
[debug] [2023-12-20T18:51:47.387Z] >>> [apiv2][query] GET https://firebase-public.firebaseio.com/cli.json [none]
[debug] [2023-12-20T18:51:47.443Z] > command requires scopes: ["email","openid","https://www.googleapis.com/auth/cloudplatformprojects.readonly","https://www.googleapis.com/auth/firebase","https://www.googleapis.com/auth/cloud-platform"]
[debug] [2023-12-20T18:51:47.443Z] > authorizing via signed-in user (annamalai.selvam@magilhub.com)
[debug] [2023-12-20T18:51:47.443Z] [iam] checking project merchant-portal-f1a52 for permissions ["firebase.projects.get","firebasehosting.sites.update"]
[debug] [2023-12-20T18:51:47.444Z] > refreshing access token with scopes: []
[debug] [2023-12-20T18:51:47.444Z] >>> HTTP REQUEST POST https://www.googleapis.com/oauth2/v3/token  
 <request body omitted>
[debug] [2023-12-20T18:51:47.761Z] <<< HTTP RESPONSE 200 {"pragma":"no-cache","cache-control":"no-cache, no-store, max-age=0, must-revalidate","expires":"Mon, 01 Jan 1990 00:00:00 GMT","date":"Wed, 20 Dec 2023 18:51:47 GMT","content-type":"application/json; charset=utf-8","vary":"X-Origin, Referer, Origin,Accept-Encoding","server":"scaffolding on HTTPServer2","x-xss-protection":"0","x-frame-options":"SAMEORIGIN","x-content-type-options":"nosniff","alt-svc":"h3=\":443\"; ma=2592000,h3-29=\":443\"; ma=2592000","accept-ranges":"none","transfer-encoding":"chunked"}
[debug] [2023-12-20T18:51:47.781Z] >>> [apiv2][query] POST https://cloudresourcemanager.googleapis.com/v1/projects/merchant-portal-f1a52:testIamPermissions [none]
[debug] [2023-12-20T18:51:47.782Z] >>> [apiv2][body] POST https://cloudresourcemanager.googleapis.com/v1/projects/merchant-portal-f1a52:testIamPermissions {"permissions":["firebase.projects.get","firebasehosting.sites.update"]}
[debug] [2023-12-20T18:51:48.081Z] <<< [apiv2][status] GET https://firebase-public.firebaseio.com/cli.json 200
[debug] [2023-12-20T18:51:48.082Z] <<< [apiv2][body] GET https://firebase-public.firebaseio.com/cli.json {"cloudBuildErrorAfter":1594252800000,"cloudBuildWarnAfter":1590019200000,"defaultNode10After":1594252800000,"minVersion":"3.0.5","node8DeploysDisabledAfter":1613390400000,"node8RuntimeDisabledAfter":1615809600000,"node8WarnAfter":1600128000000}
[debug] [2023-12-20T18:51:49.375Z] <<< [apiv2][status] POST https://cloudresourcemanager.googleapis.com/v1/projects/merchant-portal-f1a52:testIamPermissions 200
[debug] [2023-12-20T18:51:49.375Z] <<< [apiv2][body] POST https://cloudresourcemanager.googleapis.com/v1/projects/merchant-portal-f1a52:testIamPermissions {"permissions":["firebase.projects.get","firebasehosting.sites.update"]}
[debug] [2023-12-20T18:51:49.377Z] >>> [apiv2][query] GET https://firebase.googleapis.com/v1beta1/projects/merchant-portal-f1a52 [none]
[debug] [2023-12-20T18:51:50.242Z] <<< [apiv2][status] GET https://firebase.googleapis.com/v1beta1/projects/merchant-portal-f1a52 200
[debug] [2023-12-20T18:51:50.242Z] <<< [apiv2][body] GET https://firebase.googleapis.com/v1beta1/projects/merchant-portal-f1a52 {"projectId":"merchant-portal-f1a52","projectNumber":"897265903720","displayName":"Merchant Portal","name":"projects/merchant-portal-f1a52","resources":{"hostingSite":"merchant-portal-f1a52","realtimeDatabaseInstance":"merchant-portal-f1a52"},"state":"ACTIVE","etag":"1_422d3f2f-96e6-4afb-9bd1-e578700fb12f"}
[info] 
[info] === Deploying to 'merchant-portal-f1a52'...
[info] 
[info] i  deploying hosting 
[debug] [2023-12-20T18:51:50.246Z] >>> [apiv2][query] GET https://firebase.googleapis.com/v1beta1/projects/merchant-portal-f1a52 [none]
[debug] [2023-12-20T18:51:50.715Z] <<< [apiv2][status] GET https://firebase.googleapis.com/v1beta1/projects/merchant-portal-f1a52 200
[debug] [2023-12-20T18:51:50.715Z] <<< [apiv2][body] GET https://firebase.googleapis.com/v1beta1/projects/merchant-portal-f1a52 {"projectId":"merchant-portal-f1a52","projectNumber":"897265903720","displayName":"Merchant Portal","name":"projects/merchant-portal-f1a52","resources":{"hostingSite":"merchant-portal-f1a52","realtimeDatabaseInstance":"merchant-portal-f1a52"},"state":"ACTIVE","etag":"1_422d3f2f-96e6-4afb-9bd1-e578700fb12f"}
[debug] [2023-12-20T18:51:50.720Z] >>> [apiv2][query] POST https://firebasehosting.googleapis.com/v1beta1/projects/897265903720/sites/merchant-portal-f1a52/versions [none]
[debug] [2023-12-20T18:51:50.720Z] >>> [apiv2][body] POST https://firebasehosting.googleapis.com/v1beta1/projects/897265903720/sites/merchant-portal-f1a52/versions {"config":{"rewrites":[{"glob":"**","path":"/index.html"}]},"labels":{"deployment-tool":"cli-firebase"}}
[debug] [2023-12-20T18:51:52.196Z] <<< [apiv2][status] POST https://firebasehosting.googleapis.com/v1beta1/projects/897265903720/sites/merchant-portal-f1a52/versions 200
[debug] [2023-12-20T18:51:52.196Z] <<< [apiv2][body] POST https://firebasehosting.googleapis.com/v1beta1/projects/897265903720/sites/merchant-portal-f1a52/versions {"name":"projects/897265903720/sites/merchant-portal-f1a52/versions/741f232599693a06","status":"CREATED","config":{"rewrites":[{"glob":"**","path":"/index.html"}]},"labels":{"deployment-tool":"cli-firebase"}}
[info] i  hosting[merchant-portal-f1a52]: beginning deploy... 
[info] i  hosting[merchant-portal-f1a52]: found 74 files in build 
[debug] [2023-12-20T18:51:52.791Z] [hosting] hash cache [YnVpbGQ] stored for 74 files
[debug] [2023-12-20T18:51:52.791Z] [hosting][hash queue][FINAL] {"max":568,"min":9,"avg":25.851351351351358,"active":0,"complete":74,"success":74,"errored":0,"retried":0,"total":74,"elapsed":573}
[debug] [2023-12-20T18:51:52.791Z] >>> [apiv2][query] POST https://firebasehosting.googleapis.com/v1beta1/projects/897265903720/sites/merchant-portal-f1a52/versions/741f232599693a06:populateFiles [none]
[debug] [2023-12-20T18:51:52.791Z] >>> [apiv2][body] POST https://firebasehosting.googleapis.com/v1beta1/projects/897265903720/sites/merchant-portal-f1a52/versions/741f232599693a06:populateFiles {"files":{"/favicon.ico":"e4e3e0f8c9d707fd3abdecdb94d28b91652307dd4261d5c9fb885e336e66fa6c","/manifest.json":"341d52628782f8ac9290bbfc43298afccb47b7cbfcee146ae30cf0f46bc30900","/logo512.png":"45573f7a2d6fa5fc6e2361b03e95a6ef8be1f336d2020ed7e59e00355db6afe7","/index.html":"2a59bd2ea96f2139cf2fab531a5ad2873618834e9b2068d55cdf77b345fbafd2","/asset-manifest.json":"b9030da71323b379d867855cdf01f99d68ed4d770237606f1daf634c9623228f","/robots.txt":"391d14b3c2f8c9143a27a28c7399585142228d4d1bdbe2c87ac946de411fa9a2","/service-worker.js":"bdf1cfacb92b32bba0979bcd1142d53626670d5ff9ae4775fd3b5e983656b55a","/precache-manifest.7c8f247a801f94e3289dc0db3ec797a5.js":"a96ee47174d28ed8559c1e897e39b43bf01da263a28415a82c1ec141714562c7","/logo192.png":"ccf09d371880651542122983583fd6ba1a9ef30bcea3130fbcd18e7ef4770a5c","/static/css/2.df33db79.chunk.css":"34e00aefea216d3e479301d4932c8c6874babad2aca6de290fc75f2cbb39ef02","/static/js/main.13ebab9b.chunk.js.LICENSE.txt":"5bcf7ad56e14554ea655f13f3a79ddf6fb23a153bf6028e5bfea9a7a6cd9154d","/static/css/2.df33db79.chunk.css.map":"79526aafe0369c7e018696856d3e59bd6eb7c92c6199058a7c7ed5e4afd37bb4","/static/js/2.d216ad4d.chunk.js.LICENSE.txt":"425e31b7bb3a779aae570f18d774c4982bdf0d663abd6eff58b462b4e0aa0f8d","/static/js/runtime-main.5cfd85c0.js":"ddaac0f5da73248cfe7b88a3131245fa21d6ecbb724d508832065d5b8a81e2d6","/static/css/main.6ba1b2d7.chunk.css":"d93378c405ea5cc43f4b4614b8c63bb02cf7bdca939e128eadc426a9168a3728","/static/media/Disable.460f0581.svg":"5a21a301988259cac49edf0292572d96190f1518a6c766f7d997efd33b8e1a7a","/static/js/runtime-main.5cfd85c0.js.map":"867feea7ba6ad9307c9bfb4014908677adb81c7d24c8edc21486248478eac0f8","/static/media/Duplicate.ba7fabdb.svg":"38d08e8ab26c4b3d74fd03d61b563368153af59e4b8344f23875be95183ff0e6","/static/media/backArrow.f0adc7df.svg":"dc5edcdccc0727b86facae4e9abade9f0df8fb9591535db6e53e3697acd0b82a","/static/media/404.3a865357.svg":"19908d43f64df1e7d2f62759a18c78f5d6fddf27bcf6d865f16ec4a9512a7868","/static/media/addImage.0a855e78.svg":"db4f9b01b2e8ea104ddeaa2207dee51438543c6e19f0642dfd580603cc22bbdc","/static/media/billing.153cb221.svg":"c40fcb4ddec549e5ac6706dbe113a8535da357ad3bb1394e6d96682591259255","/static/media/add.5f77b17e.svg":"e6e57ddd2388817df0e104dfc500c2249fa9125eda5c7a5b4a89c1b6a9f757be","/static/media/billingHeader.4cf8c90a.svg":"1c14ed307fdf3492ac0dfaee6561ec4fb82b2a23243baf79fecaa92b0e9f8ddc","/static/media/block.39d6343f.svg":"ca097e1d6fbc5a3da0230ded9fac248550b32011ff0aa29436807593dd605e9a","/static/media/binIcon.c918a94a.svg":"71e2956836054e4dc3b0d6818c4aa02adaea0d598b8a4e3c77c959aec22811a7","/static/media/cross.c71e85ca.svg":"0ae9c6e3368b2fce8601b4f03a6fc5799024d1c158aa2e40cd3ef194f3a40785","/static/media/crossIcon.f67e4b70.svg":"b579a252abe619c56463f6272ea15494150c05951a6d5e355c2b375a2de00851","/static/media/deleteIcon.67b8dde6.svg":"b52d5b5bc83005690619980c094f051141241c170f67817c18e8f2a1753d3691","/static/media/cal.4eb67268.png":"bcfff126edb959b332fa432f3af7e2986d49987beb0657280b543f634b680af9","/static/media/closed_eye.e07fd695.svg":"ed9911b94e079b90b9c24b0c2873b90bb589515fd86beed70976e25e8e69921a","/static/media/dollar.52eaee55.svg":"f5a74b331b31ff058892b38b328367031292d4de968518e016f6ad044ef958f3","/static/media/editIcon.a75477fa.svg":"b54c1882fbf89c5b125d04e56e6349ad6f02720fec72b010edc70faa68d98906","/static/media/enable.f061ec6b.svg":"d57f3a9764e4841d87ef752ad0eea1de47e5273d7a08114b7e0fa1b2cfce4358","/static/media/employees.4674c305.svg":"e48e0898ebf0f49f605cc03530ad3c64e9274efc2fe581cfc7d753bd51175bd9","/static/media/down_arrow.054649c5.svg":"5638d24d8f8e98f410b4f9165e9abf2873925c75d4d729413c5208038c773048","/static/media/export.f4ec3dfd.svg":"6b2cde4b66ebc2ebb34b40dc8a9d10a2889565468e80ccdf0464926223148a72","/static/media/inr.a9fdb926.svg":"affffd240fac6a094914d56b08c4f0eae35782b394d448f7649a44920d2f7885","/static/media/inrBlack.50ade9ae.svg":"e1b4a967a303e66fb4f41d359a1d0d8480b3519c688c341a69399262dfdf0a18","/static/media/filter.0455bcd4.svg":"f5949693e60164238e7f70fb957d4443f1afee9204315c8903fa330804982577","/static/media/key.1493379c.svg":"d41fc9e69fbc20f988d0777636391c8e6218a568f6be2a1d384d3f63fa0ba9f7","/static/media/food.c42d0d5c.png":"dcf1b19a9c33cedbdd4c9cf9a7782ec8ea6ea335e253c80ccd7041c325b24049","/static/media/gift.e5fefdc4.png":"9600afe6c575225246205546d1bd839477f95c0509cb6d42d3a45659736282b2","/static/css/main.6ba1b2d7.chunk.css.map":"88ada208ac4448193487c5f783328fca7df3263129080de3ac265877858b9aa1","/static/media/emp.d1a7a473.png":"c629e76cc1c84ebdf4d371a53c9b77d7bd4e0d6dab5ea01e2356d0762eefd64e","/static/media/loader.bcc464b6.svg":"c71070e12bf66a4f33cf9ffad133307ff855f218e39c6c9c7faba3f0e4599190","/static/media/loaderWhite.0b21961f.svg":"8961b6467b8f4d3e8d5354775cbba2138e4daf8ef79b0721f8a0bcfa716b08c2","/static/media/logo.e7428f85.png":"98a5bb4c6f940cd9ca52cb29323bc98b6433796da51809df27dced3dc24ef96d","/static/media/masterCardIcon.fd920e38.svg":"8ea14bd1d779780b7da7011bd1af9f8a5c1e92d9662b6eee9c28b24382bcfa42","/static/media/magilhubText.c3ca56f2.svg":"c44a7192b0d8a4fc3689747bc1fb38d81f184234579c7640a0ac276fe1094307","/static/media/offer.eab3aef5.svg":"49831841854a6abb626319d1f1f3c88bb236c16c8e390174c5cd4bac2faa1acb","/static/media/opened_eye.21da7856.svg":"42100292773adf5ec5291800a504fccc584e4e03d903748ad85f7025f965812b","/static/media/payment.3f84f21d.svg":"30834dc0e70040b3c8b88294398c1d04d974f8ac521e319b6fd70202edc1315d","/static/media/pencilIcon.ec9c874d.svg":"770a237f6dc21aec7d7e62def7dd323c97d45f7c57fcb796e8a976d7b343ac37","/static/media/plus.933f8e60.svg":"a13e557772648168937a7af612336eab8acc58ef28a8e70559dfc02bb393060b","/static/media/search.51f576db.svg":"ce06ca57635bdf500222541510c27e68aeed2cf00247e4c5150aae9393bb2a3e","/static/media/sort.3c0ebbb0.svg":"13c469cdc4a51919d906142bd7ee04f34dfe8038dd5a9024888c8c97d0d1a254","/static/media/notFound.e73524ca.svg":"da10b419f01b12549fdcfc5e895ae097fd9ce0149a3cf859a8c2554c08a548f8","/static/media/statistics.771762f7.svg":"38b0f109ca708dcd9a56007afc7ef289c5cd99f967ae50394dfe34e14f48960d","/static/media/tickIcon.f902c193.svg":"6f5091efaf66f0459b4a98da983f661534c5e59fee0c47852b1f1b6a889bbcef","/static/media/tickMark.91addbf4.svg":"024c35d81c88cff2d89971671db4b2db3a706667945a3d48c1ec3af305377a23","/static/media/tableware.d9d3caaa.svg":"18b1dc101899510b7d39e472acb5b593c285e89c605c49a9aa5f4a891fa61757","/static/media/unblock.bf0d202d.svg":"a1b793eb32a54995b578d10b109db077f2153f8f20049eb217ec16c1fee42140","/static/media/up_arrow.95343da3.svg":"990f95b98436e543e46915f08369f147481fda729c3a3b633054b497ce424341","/static/media/upload.243e18d5.svg":"4180a86b52d5eaff46c9665d0bc20a06de403b13f3952930983ccf32d00c4eac","/static/media/userBlocked.9d166ad0.svg":"095d1eee726eccfac6594a1eaf1a4df3f67c64d3e56652b3bfea11cf2168b5fa","/static/media/visaIcon.f0a71809.svg":"2f100eb2a02d0584f506d6f41aad3d8497ff6ed7cb45ba069006c6d038526209","/static/media/tick.954d7a62.png":"5601a8d1a1ee98331ff36db47653f705b67433da76082c5c2431d44058b9f27d","/static/media/user_one.938e8351.png":"1ec84c1f166b2416c5c729af5f0522358eac1dd4e87713c65a6c1880a0ecc5f3","/static/media/emptymenu.3a02d8e8.svg":"4356dc6c71315bd1379f96877d1182260eff4c27165cd0c8b05133f141fd5313","/static/js/main.13ebab9b.chunk.js":"d9015a40d6d8e7c076c93c3215e4597eadd2aa2a914e5b66b764396fdf94aa38","/static/js/2.d216ad4d.chunk.js":"e9aa98ff63dbeab94637ece6353f9f41a80809a9b57972ad72a28a3923e80984","/static/js/main.13ebab9b.chunk.js.map":"19b8572d9943b453e061f81417533f1c36afdb7c984ee12c7b4802bd4e676d4d","/static/js/2.d216ad4d.chunk.js.map":"8f9ea9e3494ebfc630efd10ed04235b277ca4d7bf37f0ee32018020a18f8100c"}}
[debug] [2023-12-20T18:51:54.241Z] <<< [apiv2][status] POST https://firebasehosting.googleapis.com/v1beta1/projects/897265903720/sites/merchant-portal-f1a52/versions/741f232599693a06:populateFiles 200
[debug] [2023-12-20T18:51:54.241Z] <<< [apiv2][body] POST https://firebasehosting.googleapis.com/v1beta1/projects/897265903720/sites/merchant-portal-f1a52/versions/741f232599693a06:populateFiles {"uploadRequiredHashes":["b9030da71323b379d867855cdf01f99d68ed4d770237606f1daf634c9623228f","bdf1cfacb92b32bba0979bcd1142d53626670d5ff9ae4775fd3b5e983656b55a","2a59bd2ea96f2139cf2fab531a5ad2873618834e9b2068d55cdf77b345fbafd2","19b8572d9943b453e061f81417533f1c36afdb7c984ee12c7b4802bd4e676d4d","a96ee47174d28ed8559c1e897e39b43bf01da263a28415a82c1ec141714562c7","d9015a40d6d8e7c076c93c3215e4597eadd2aa2a914e5b66b764396fdf94aa38"],"uploadUrl":"https://upload-firebasehosting.googleapis.com/upload/sites/merchant-portal-f1a52/versions/741f232599693a06/files"}
[debug] [2023-12-20T18:51:54.244Z] >>> [apiv2][query] POST https://upload-firebasehosting.googleapis.com/upload/sites/merchant-portal-f1a52/versions/741f232599693a06/files/b9030da71323b379d867855cdf01f99d68ed4d770237606f1daf634c9623228f [none]
[debug] [2023-12-20T18:51:54.244Z] >>> [apiv2][body] POST https://upload-firebasehosting.googleapis.com/upload/sites/merchant-portal-f1a52/versions/741f232599693a06/files/b9030da71323b379d867855cdf01f99d68ed4d770237606f1daf634c9623228f [stream]
[debug] [2023-12-20T18:51:54.246Z] >>> [apiv2][query] POST https://upload-firebasehosting.googleapis.com/upload/sites/merchant-portal-f1a52/versions/741f232599693a06/files/bdf1cfacb92b32bba0979bcd1142d53626670d5ff9ae4775fd3b5e983656b55a [none]
[debug] [2023-12-20T18:51:54.246Z] >>> [apiv2][body] POST https://upload-firebasehosting.googleapis.com/upload/sites/merchant-portal-f1a52/versions/741f232599693a06/files/bdf1cfacb92b32bba0979bcd1142d53626670d5ff9ae4775fd3b5e983656b55a [stream]
[debug] [2023-12-20T18:51:54.249Z] >>> [apiv2][query] POST https://upload-firebasehosting.googleapis.com/upload/sites/merchant-portal-f1a52/versions/741f232599693a06/files/2a59bd2ea96f2139cf2fab531a5ad2873618834e9b2068d55cdf77b345fbafd2 [none]
[debug] [2023-12-20T18:51:54.249Z] >>> [apiv2][body] POST https://upload-firebasehosting.googleapis.com/upload/sites/merchant-portal-f1a52/versions/741f232599693a06/files/2a59bd2ea96f2139cf2fab531a5ad2873618834e9b2068d55cdf77b345fbafd2 [stream]
[debug] [2023-12-20T18:51:54.251Z] >>> [apiv2][query] POST https://upload-firebasehosting.googleapis.com/upload/sites/merchant-portal-f1a52/versions/741f232599693a06/files/19b8572d9943b453e061f81417533f1c36afdb7c984ee12c7b4802bd4e676d4d [none]
[debug] [2023-12-20T18:51:54.251Z] >>> [apiv2][body] POST https://upload-firebasehosting.googleapis.com/upload/sites/merchant-portal-f1a52/versions/741f232599693a06/files/19b8572d9943b453e061f81417533f1c36afdb7c984ee12c7b4802bd4e676d4d [stream]
[debug] [2023-12-20T18:51:54.254Z] >>> [apiv2][query] POST https://upload-firebasehosting.googleapis.com/upload/sites/merchant-portal-f1a52/versions/741f232599693a06/files/a96ee47174d28ed8559c1e897e39b43bf01da263a28415a82c1ec141714562c7 [none]
[debug] [2023-12-20T18:51:54.255Z] >>> [apiv2][body] POST https://upload-firebasehosting.googleapis.com/upload/sites/merchant-portal-f1a52/versions/741f232599693a06/files/a96ee47174d28ed8559c1e897e39b43bf01da263a28415a82c1ec141714562c7 [stream]
[debug] [2023-12-20T18:51:54.256Z] >>> [apiv2][query] POST https://upload-firebasehosting.googleapis.com/upload/sites/merchant-portal-f1a52/versions/741f232599693a06/files/d9015a40d6d8e7c076c93c3215e4597eadd2aa2a914e5b66b764396fdf94aa38 [none]
[debug] [2023-12-20T18:51:54.256Z] >>> [apiv2][body] POST https://upload-firebasehosting.googleapis.com/upload/sites/merchant-portal-f1a52/versions/741f232599693a06/files/d9015a40d6d8e7c076c93c3215e4597eadd2aa2a914e5b66b764396fdf94aa38 [stream]
[debug] [2023-12-20T18:51:54.258Z] [hosting][populate queue][FINAL] {"max":1455,"min":1455,"avg":1455,"active":0,"complete":1,"success":1,"errored":0,"retried":0,"total":1,"elapsed":1469}
[debug] [2023-12-20T18:51:54.259Z] [hosting] uploads queued: 6
[debug] [2023-12-20T18:51:55.776Z] <<< [apiv2][status] POST https://upload-firebasehosting.googleapis.com/upload/sites/merchant-portal-f1a52/versions/741f232599693a06/files/b9030da71323b379d867855cdf01f99d68ed4d770237606f1daf634c9623228f 200
[debug] [2023-12-20T18:51:55.777Z] <<< [apiv2][body] POST https://upload-firebasehosting.googleapis.com/upload/sites/merchant-portal-f1a52/versions/741f232599693a06/files/b9030da71323b379d867855cdf01f99d68ed4d770237606f1daf634c9623228f [stream]
[debug] [2023-12-20T18:51:55.806Z] <<< [apiv2][status] POST https://upload-firebasehosting.googleapis.com/upload/sites/merchant-portal-f1a52/versions/741f232599693a06/files/bdf1cfacb92b32bba0979bcd1142d53626670d5ff9ae4775fd3b5e983656b55a 200
[debug] [2023-12-20T18:51:55.806Z] <<< [apiv2][body] POST https://upload-firebasehosting.googleapis.com/upload/sites/merchant-portal-f1a52/versions/741f232599693a06/files/bdf1cfacb92b32bba0979bcd1142d53626670d5ff9ae4775fd3b5e983656b55a [stream]
[debug] [2023-12-20T18:51:55.885Z] <<< [apiv2][status] POST https://upload-firebasehosting.googleapis.com/upload/sites/merchant-portal-f1a52/versions/741f232599693a06/files/d9015a40d6d8e7c076c93c3215e4597eadd2aa2a914e5b66b764396fdf94aa38 200
[debug] [2023-12-20T18:51:55.885Z] <<< [apiv2][body] POST https://upload-firebasehosting.googleapis.com/upload/sites/merchant-portal-f1a52/versions/741f232599693a06/files/d9015a40d6d8e7c076c93c3215e4597eadd2aa2a914e5b66b764396fdf94aa38 [stream]
